Hello,<br>
A request has been received to change the password to your account,<br>
Browse to <a href=3D"/auth/resetpassword?paramx=3Dfoo&amp;paramy=3Dbar">her=
e</a> to reset your password<br>
If you did not initiate this request you can please disregard this email.<b=
r>
Thanks<br>
The lakeFS team<br>