
aaa/bbb/        nessie               <COMMIT_ID_16>     <DATE> <TIME> <TZ>  commit #2                     

aaa/fff/        nessie               <COMMIT_ID_16>     <DATE> <TIME> <TZ>  commit #3                     

aaa/hhh         nessie               <COMMIT_ID_16>     <DATE> <TIME> <TZ>  commit #3                     
