+---------------------------+-------------------------------+------------------+---------------------------------------------------------------------------+
| REPOSITORY                | CREATION DATE                 | DEFAULT REF NAME | STORAGE NAMESPACE                                                         |
+---------------------------+-------------------------------+------------------+---------------------------------------------------------------------------+
| ${REPO} | <DATE> <TIME> <TZ> | ${BRANCH}             | ${STORAGE} |
+---------------------------+-------------------------------+------------------+---------------------------------------------------------------------------+

