aaa/bbb/ccc     ${AUTHOR} <COMMIT_ID_16>     <DATE> <TIME> <TZ>  commit #1
aaa/bbb/ddd     ${AUTHOR} <COMMIT_ID_16>     <DATE> <TIME> <TZ>  commit #1
aaa/bbb/eee     ${AUTHOR} <COMMIT_ID_16>     <DATE> <TIME> <TZ>  commit #2
aaa/fff/ggg     ${AUTHOR} <COMMIT_ID_16>     <DATE> <TIME> <TZ>  commit #3
aaa/fff/ggh     ${AUTHOR} <COMMIT_ID_16>     <DATE> <TIME> <TZ>  commit #3
aaa/hhh         ${AUTHOR} <COMMIT_ID_16>     <DATE> <TIME> <TZ>  commit #3
