
aaa/bbb/        esti                 <COMMIT_ID_16>     <DATE> <TIME> <TZ>  commit #2                     

aaa/fff/        esti                 <COMMIT_ID_16>     <DATE> <TIME> <TZ>  commit #3                     

aaa/hhh         esti                 <COMMIT_ID_16>     <DATE> <TIME> <TZ>  commit #3                     
